Release 14.7 - xst P.20131013 (nt)
Copyright (c) 1995-2013 Xilinx, Inc.  All rights reserved.
--> Parameter TMPDIR set to xst/projnav.tmp


Total REAL time to Xst completion: 1.00 secs
Total CPU time to Xst completion: 0.88 secs
 
--> Parameter xsthdpdir set to xst


Total REAL time to Xst completion: 1.00 secs
Total CPU time to Xst completion: 0.88 secs
 
--> Reading design: main.prj

TABLE OF CONTENTS
  1) Synthesis Options Summary
  2) HDL Compilation
  3) Design Hierarchy Analysis
  4) HDL Analysis
  5) HDL Synthesis
     5.1) HDL Synthesis Report
  6) Advanced HDL Synthesis
     6.1) Advanced HDL Synthesis Report
  7) Low Level Synthesis
  8) Partition Report
  9) Final Report
	9.1) Device utilization summary
	9.2) Partition Resource Summary
	9.3) TIMING REPORT


=========================================================================
*                      Synthesis Options Summary                        *
=========================================================================
---- Source Parameters
Input File Name                    : "main.prj"
Input Format                       : mixed
Ignore Synthesis Constraint File   : NO

---- Target Parameters
Output File Name                   : "main"
Output Format                      : NGC
Target Device                      : xc3s1200e-4-fg320

---- Source Options
Top Module Name                    : main
Automatic FSM Extraction           : YES
FSM Encoding Algorithm             : Auto
Safe Implementation                : No
FSM Style                          : LUT
RAM Extraction                     : Yes
RAM Style                          : Auto
ROM Extraction                     : Yes
Mux Style                          : Auto
Decoder Extraction                 : YES
Priority Encoder Extraction        : Yes
Shift Register Extraction          : YES
Logical Shifter Extraction         : YES
XOR Collapsing                     : YES
ROM Style                          : Auto
Mux Extraction                     : Yes
Resource Sharing                   : YES
Asynchronous To Synchronous        : NO
Multiplier Style                   : Auto
Automatic Register Balancing       : No

---- Target Options
Add IO Buffers                     : YES
Global Maximum Fanout              : 100000
Add Generic Clock Buffer(BUFG)     : 24
Register Duplication               : YES
Slice Packing                      : YES
Optimize Instantiated Primitives   : NO
Use Clock Enable                   : Yes
Use Synchronous Set                : Yes
Use Synchronous Reset              : Yes
Pack IO Registers into IOBs        : Auto
Equivalent register Removal        : YES

---- General Options
Optimization Goal                  : Speed
Optimization Effort                : 1
Keep Hierarchy                     : No
Netlist Hierarchy                  : As_Optimized
RTL Output                         : Yes
Global Optimization                : AllClockNets
Read Cores                         : YES
Write Timing Constraints           : NO
Cross Clock Analysis               : NO
Hierarchy Separator                : /
Bus Delimiter                      : <>
Case Specifier                     : Maintain
Slice Utilization Ratio            : 100
BRAM Utilization Ratio             : 100
Verilog 2001                       : YES
Auto BRAM Packing                  : NO
Slice Utilization Ratio Delta      : 5

=========================================================================


=========================================================================
*                          HDL Compilation                              *
=========================================================================
Compiling vhdl file "C:/SPB_Data/version-control/XilinxProjects/TortillaMachine/Counter.vhd" in Library work.
Entity <countersec> compiled.
Entity <countersec> (Architecture <behavioral>) compiled.
Compiling vhdl file "C:/SPB_Data/version-control/XilinxProjects/TortillaMachine/Compare.vhd" in Library work.
Entity <compare> compiled.
Entity <compare> (Architecture <behavioral>) compiled.
Compiling vhdl file "C:/SPB_Data/version-control/XilinxProjects/TortillaMachine/CounterMin.vhd" in Library work.
Entity <countermin> compiled.
Entity <countermin> (Architecture <behavioral>) compiled.
Compiling vhdl file "C:/SPB_Data/version-control/XilinxProjects/TortillaMachine/partA.vhd" in Library work.
Entity <parta> compiled.
Entity <parta> (Architecture <behavioral>) compiled.
Compiling vhdl file "C:/SPB_Data/version-control/XilinxProjects/TortillaMachine/partB.vhd" in Library work.
Entity <partb> compiled.
Entity <partb> (Architecture <behavioral>) compiled.
Compiling vhdl file "C:/SPB_Data/version-control/XilinxProjects/TortillaMachine/partC.vhd" in Library work.
Entity <partc> compiled.
Entity <partc> (Architecture <behavioral>) compiled.
Compiling vhdl file "C:/SPB_Data/version-control/XilinxProjects/TortillaMachine/partD.vhd" in Library work.
Entity <countercond> compiled.
Entity <countercond> (Architecture <behavioral>) compiled.
Compiling vhdl file "C:/SPB_Data/version-control/XilinxProjects/TortillaMachine/main.vhd" in Library work.
Entity <main> compiled.
Entity <main> (Architecture <behavioral>) compiled.

=========================================================================
*                     Design Hierarchy Analysis                         *
=========================================================================
Analyzing hierarchy for entity <main> in library <work> (architecture <behavioral>).

Analyzing hierarchy for entity <CounterSec> in library <work> (architecture <behavioral>).

Analyzing hierarchy for entity <Compare> in library <work> (architecture <behavioral>).

Analyzing hierarchy for entity <CounterMin> in library <work> (architecture <behavioral>).

Analyzing hierarchy for entity <partA> in library <work> (architecture <behavioral>).

Analyzing hierarchy for entity <partB> in library <work> (architecture <behavioral>).

Analyzing hierarchy for entity <partC> in library <work> (architecture <behavioral>).

Analyzing hierarchy for entity <CounterCond> in library <work> (architecture <behavioral>).


=========================================================================
*                            HDL Analysis                               *
=========================================================================
Analyzing Entity <main> in library <work> (Architecture <behavioral>).
INFO:Xst:1739 - HDL ADVISOR - "C:/SPB_Data/version-control/XilinxProjects/TortillaMachine/main.vhd" line 10: declaration of a buffer port will make it difficult for you to validate this design by simulation. It is preferable to declare it as output.
INFO:Xst:1739 - HDL ADVISOR - "C:/SPB_Data/version-control/XilinxProjects/TortillaMachine/main.vhd" line 12: declaration of a buffer port will make it difficult for you to validate this design by simulation. It is preferable to declare it as output.
Entity <main> analyzed. Unit <main> generated.

Analyzing Entity <CounterSec> in library <work> (Architecture <behavioral>).
Entity <CounterSec> analyzed. Unit <CounterSec> generated.

Analyzing Entity <Compare> in library <work> (Architecture <behavioral>).
Entity <Compare> analyzed. Unit <Compare> generated.

Analyzing Entity <CounterMin> in library <work> (Architecture <behavioral>).
Entity <CounterMin> analyzed. Unit <CounterMin> generated.

Analyzing Entity <partA> in library <work> (Architecture <behavioral>).
Entity <partA> analyzed. Unit <partA> generated.

Analyzing Entity <partB> in library <work> (Architecture <behavioral>).
Entity <partB> analyzed. Unit <partB> generated.

Analyzing Entity <partC> in library <work> (Architecture <behavioral>).
Entity <partC> analyzed. Unit <partC> generated.

Analyzing Entity <CounterCond> in library <work> (Architecture <behavioral>).
WARNING:Xst:819 - "C:/SPB_Data/version-control/XilinxProjects/TortillaMachine/partD.vhd" line 19: One or more signals are missing in the process sensitivity list. To enable synthesis of FPGA/CPLD hardware, XST will assume that all necessary signals are present in the sensitivity list. Please note that the result of the synthesis may differ from the initial design specification. The missing signals are:
   <btnAlarma>
Entity <CounterCond> analyzed. Unit <CounterCond> generated.


=========================================================================
*                           HDL Synthesis                               *
=========================================================================

Performing bidirectional port resolution...

Synthesizing Unit <CounterSec>.
    Related source file is "C:/SPB_Data/version-control/XilinxProjects/TortillaMachine/Counter.vhd".
    Found 26-bit up counter for signal <temp>.
    Summary:
	inferred   1 Counter(s).
Unit <CounterSec> synthesized.


Synthesizing Unit <Compare>.
    Related source file is "C:/SPB_Data/version-control/XilinxProjects/TortillaMachine/Compare.vhd".
    Found 1-bit register for signal <Change>.
    Summary:
	inferred   1 D-type flip-flop(s).
Unit <Compare> synthesized.


Synthesizing Unit <CounterMin>.
    Related source file is "C:/SPB_Data/version-control/XilinxProjects/TortillaMachine/CounterMin.vhd".
    Found 1-bit register for signal <minPass>.
    Found 8-bit up counter for signal <temp>.
    Summary:
	inferred   1 Counter(s).
	inferred   1 D-type flip-flop(s).
Unit <CounterMin> synthesized.


Synthesizing Unit <partA>.
    Related source file is "C:/SPB_Data/version-control/XilinxProjects/TortillaMachine/partA.vhd".
INFO:Xst:1608 - Relative priorities of control signals on register <eQu> differ from those commonly found in the selected device family. This will result in additional logic around the register.
WARNING:Xst:737 - Found 1-bit latch for signal <eCr>. Latches may be generated from incomplete case or if statements. We do not recommend the use of latches in FPGA/CPLD designs, as they may lead to timing problems.
WARNING:Xst:737 - Found 1-bit latch for signal <eQu>. Latches may be generated from incomplete case or if statements. We do not recommend the use of latches in FPGA/CPLD designs, as they may lead to timing problems.
    Found 8-bit comparator greater for signal <eCr$cmp_gt0000> created at line 37.
    Found 8-bit comparator less for signal <eCr$cmp_lt0000> created at line 33.
    Found 8-bit comparator less for signal <eCr$cmp_lt0001> created at line 37.
    Found 8-bit comparator greater for signal <eQu$cmp_gt0000> created at line 41.
    Found 8-bit updown counter for signal <temp>.
    Found 8-bit comparator greater for signal <temp$cmp_gt0000> created at line 26.
    Found 8-bit comparator less for signal <temp$cmp_lt0000> created at line 23.
    Summary:
	inferred   1 Counter(s).
	inferred   6 Comparator(s).
Unit <partA> synthesized.


Synthesizing Unit <partB>.
    Related source file is "C:/SPB_Data/version-control/XilinxProjects/TortillaMachine/partB.vhd".
    Found 1-bit register for signal <errorB>.
    Summary:
	inferred   1 D-type flip-flop(s).
Unit <partB> synthesized.


Synthesizing Unit <partC>.
    Related source file is "C:/SPB_Data/version-control/XilinxProjects/TortillaMachine/partC.vhd".
    Found 1-bit register for signal <errorC>.
    Summary:
	inferred   1 D-type flip-flop(s).
Unit <partC> synthesized.


Synthesizing Unit <CounterCond>.
    Related source file is "C:/SPB_Data/version-control/XilinxProjects/TortillaMachine/partD.vhd".
    Found 8-bit up counter for signal <a>.
    Found 1-bit register for signal <tmpAlarm>.
    Summary:
	inferred   1 Counter(s).
	inferred   1 D-type flip-flop(s).
Unit <CounterCond> synthesized.


Synthesizing Unit <main>.
    Related source file is "C:/SPB_Data/version-control/XilinxProjects/TortillaMachine/main.vhd".
    Found 1-bit register for signal <controlSec>.
    Summary:
	inferred   1 D-type flip-flop(s).
Unit <main> synthesized.


=========================================================================
HDL Synthesis Report

Macro Statistics
# Counters                                             : 4
 26-bit up counter                                     : 1
 8-bit up counter                                      : 2
 8-bit updown counter                                  : 1
# Registers                                            : 6
 1-bit register                                        : 6
# Latches                                              : 2
 1-bit latch                                           : 2
# Comparators                                          : 6
 8-bit comparator greater                              : 3
 8-bit comparator less                                 : 3

=========================================================================

=========================================================================
*                       Advanced HDL Synthesis                          *
=========================================================================


=========================================================================
Advanced HDL Synthesis Report

Macro Statistics
# Counters                                             : 4
 26-bit up counter                                     : 1
 8-bit up counter                                      : 2
 8-bit updown counter                                  : 1
# Registers                                            : 6
 Flip-Flops                                            : 6
# Latches                                              : 2
 1-bit latch                                           : 2
# Comparators                                          : 6
 8-bit comparator greater                              : 3
 8-bit comparator less                                 : 3

=========================================================================

=========================================================================
*                         Low Level Synthesis                           *
=========================================================================

Optimizing unit <main> ...

Optimizing unit <partA> ...

Mapping all equations...
Building and optimizing final netlist ...
Found area constraint ratio of 100 (+ 5) on block main, actual ratio is 0.
FlipFlop c5/errorB has been replicated 1 time(s) to handle iob=true attribute.
Latch c4/eCr has been replicated 1 time(s) to handle iob=true attribute.
FlipFlop c6/errorC has been replicated 1 time(s) to handle iob=true attribute.
Latch c4/eQu has been replicated 1 time(s) to handle iob=true attribute.

Final Macro Processing ...

=========================================================================
Final Register Report

Macro Statistics
# Registers                                            : 58
 Flip-Flops                                            : 58

=========================================================================

=========================================================================
*                           Partition Report                            *
=========================================================================

Partition Implementation Status
-------------------------------

  No Partitions were found in this design.

-------------------------------

=========================================================================
*                            Final Report                               *
=========================================================================
Final Results
RTL Top Level Output File Name     : main.ngr
Top Level Output File Name         : main
Output Format                      : NGC
Optimization Goal                  : Speed
Keep Hierarchy                     : No

Design Statistics
# IOs                              : 12

Cell Usage :
# BELS                             : 199
#      GND                         : 1
#      INV                         : 5
#      LUT1                        : 39
#      LUT2                        : 15
#      LUT2_L                      : 1
#      LUT3                        : 9
#      LUT4                        : 19
#      LUT4_D                      : 5
#      MUXCY                       : 53
#      MUXF5                       : 1
#      VCC                         : 1
#      XORCY                       : 50
# FlipFlops/Latches                : 62
#      FDCE                        : 9
#      FDE                         : 8
#      FDR                         : 41
#      LDC                         : 2
#      LDCP                        : 2
# Clock Buffers                    : 2
#      BUFG                        : 1
#      BUFGP                       : 1
# IO Buffers                       : 11
#      IBUF                        : 4
#      OBUF                        : 7
=========================================================================

Device utilization summary:
---------------------------

Selected Device : 3s1200efg320-4 

 Number of Slices:                       54  out of   8672     0%  
 Number of Slice Flip Flops:             58  out of  17344     0%  
 Number of 4 input LUTs:                 93  out of  17344     0%  
 Number of IOs:                          12
 Number of bonded IOBs:                  12  out of    250     4%  
    IOB Flip Flops:                       4
 Number of GCLKs:                         2  out of     24     8%  

---------------------------
Partition Resource Summary:
---------------------------

  No Partitions were found in this design.

---------------------------


=========================================================================
TIMING REPORT

NOTE: THESE TIMING NUMBERS ARE ONLY A SYNTHESIS ESTIMATE.
      FOR ACCURATE TIMING INFORMATION PLEASE REFER TO THE TRACE REPORT
      GENERATED AFTER PLACE-and-ROUTE.

Clock Information:
------------------
------------------------------------------+------------------------+-------+
Clock Signal                              | Clock buffer(FF name)  | Load  |
------------------------------------------+------------------------+-------+
c2/Change1                                | BUFG                   | 29    |
Clk                                       | BUFGP                  | 27    |
c3/minPass                                | NONE(c6/errorC)        | 2     |
c4/eCr_cmp_lt0000(c4/eCr_cmp_lt00001_f5:O)| NONE(*)(c4/eCr)        | 4     |
------------------------------------------+------------------------+-------+
(*) This 1 clock signal(s) are generated by combinatorial logic,
and XST is not able to identify which are the primary clock signals.
Please use the CLOCK_SIGNAL constraint to specify the clock signal(s) generated by combinatorial logic.
INFO:Xst:2169 - HDL ADVISOR - Some clock signals were not automatically buffered by XST with BUFG/BUFR resources. Please use the buffer_type constraint in order to insert these buffers to the clock signals to help prevent skew problems.

Asynchronous Control Signals Information:
----------------------------------------
-------------------------------------------+------------------------+-------+
Control Signal                             | Buffer(FF name)        | Load  |
-------------------------------------------+------------------------+-------+
c7/tmpAlarm_and0000(c7/tmpAlarm_and00001:O)| NONE(c7/a_0)           | 9     |
c4/eCr_or0000(c4/eCr_or00001:O)            | NONE(c4/eCr)           | 2     |
c4/eQu_and0000(c4/eQu_and00002:O)          | NONE(c4/eQu)           | 2     |
c4/eQu_cmp_gt0000(c4/eQu_cmp_gt00001:O)    | NONE(c4/eQu)           | 2     |
-------------------------------------------+------------------------+-------+

Timing Summary:
---------------
Speed Grade: -4

   Minimum period: 6.886ns (Maximum Frequency: 145.222MHz)
   Minimum input arrival time before clock: 6.105ns
   Maximum output required time after clock: 5.582ns
   Maximum combinational path delay: No path found

Timing Detail:
--------------
All values displayed in nanoseconds (ns)

=========================================================================
Timing constraint: Default period analysis for Clock 'c2/Change1'
  Clock period: 6.886ns (frequency: 145.222MHz)
  Total number of paths / destination ports: 719 / 43
-------------------------------------------------------------------------
Delay:               6.886ns (Levels of Logic = 11)
  Source:            c4/temp_4 (FF)
  Destination:       c4/temp_7 (FF)
  Source Clock:      c2/Change1 rising
  Destination Clock: c2/Change1 rising

  Data Path: c4/temp_4 to c4/temp_7
                                Gate     Net
    Cell:in->out      fanout   Delay   Delay  Logical Name (Net Name)
    ----------------------------------------  ------------
     FDE:C->Q              2   0.591   0.622  c4/temp_4 (c4/temp_4)
     LUT4:I0->O           12   0.704   0.965  c4/eQu_cmp_gt00001 (c4/eQu_cmp_gt0000)
     LUT4:I3->O            4   0.704   0.666  c4/temp_not0003_inv (c4/temp_not0003_inv)
     LUT2:I1->O            1   0.704   0.000  c4/Mcount_temp_lut<0> (c4/Mcount_temp_lut<0>)
     MUXCY:S->O            1   0.464   0.000  c4/Mcount_temp_cy<0> (c4/Mcount_temp_cy<0>)
     MUXCY:CI->O           1   0.059   0.000  c4/Mcount_temp_cy<1> (c4/Mcount_temp_cy<1>)
     MUXCY:CI->O           1   0.059   0.000  c4/Mcount_temp_cy<2> (c4/Mcount_temp_cy<2>)
     MUXCY:CI->O           1   0.059   0.000  c4/Mcount_temp_cy<3> (c4/Mcount_temp_cy<3>)
     MUXCY:CI->O           1   0.059   0.000  c4/Mcount_temp_cy<4> (c4/Mcount_temp_cy<4>)
     MUXCY:CI->O           1   0.059   0.000  c4/Mcount_temp_cy<5> (c4/Mcount_temp_cy<5>)
     MUXCY:CI->O           0   0.059   0.000  c4/Mcount_temp_cy<6> (c4/Mcount_temp_cy<6>)
     XORCY:CI->O           1   0.804   0.000  c4/Mcount_temp_xor<7> (c4/Result<7>)
     FDE:D                     0.308          c4/temp_7
    ----------------------------------------
    Total                      6.886ns (4.633ns logic, 2.253ns route)
                                       (67.3% logic, 32.7% route)

=========================================================================
Timing constraint: Default period analysis for Clock 'Clk'
  Clock period: 4.850ns (frequency: 206.186MHz)
  Total number of paths / destination ports: 403 / 53
-------------------------------------------------------------------------
Delay:               4.850ns (Levels of Logic = 26)
  Source:            c1/temp_1 (FF)
  Destination:       c1/temp_25 (FF)
  Source Clock:      Clk rising
  Destination Clock: Clk rising

  Data Path: c1/temp_1 to c1/temp_25
                                Gate     Net
    Cell:in->out      fanout   Delay   Delay  Logical Name (Net Name)
    ----------------------------------------  ------------
     FDR:C->Q              2   0.591   0.622  c1/temp_1 (c1/temp_1)
     LUT1:I0->O            1   0.704   0.000  c1/Mcount_temp_cy<1>_rt (c1/Mcount_temp_cy<1>_rt)
     MUXCY:S->O            1   0.464   0.000  c1/Mcount_temp_cy<1> (c1/Mcount_temp_cy<1>)
     MUXCY:CI->O           1   0.059   0.000  c1/Mcount_temp_cy<2> (c1/Mcount_temp_cy<2>)
     MUXCY:CI->O           1   0.059   0.000  c1/Mcount_temp_cy<3> (c1/Mcount_temp_cy<3>)
     MUXCY:CI->O           1   0.059   0.000  c1/Mcount_temp_cy<4> (c1/Mcount_temp_cy<4>)
     MUXCY:CI->O           1   0.059   0.000  c1/Mcount_temp_cy<5> (c1/Mcount_temp_cy<5>)
     MUXCY:CI->O           1   0.059   0.000  c1/Mcount_temp_cy<6> (c1/Mcount_temp_cy<6>)
     MUXCY:CI->O           1   0.059   0.000  c1/Mcount_temp_cy<7> (c1/Mcount_temp_cy<7>)
     MUXCY:CI->O           1   0.059   0.000  c1/Mcount_temp_cy<8> (c1/Mcount_temp_cy<8>)
     MUXCY:CI->O           1   0.059   0.000  c1/Mcount_temp_cy<9> (c1/Mcount_temp_cy<9>)
     MUXCY:CI->O           1   0.059   0.000  c1/Mcount_temp_cy<10> (c1/Mcount_temp_cy<10>)
     MUXCY:CI->O           1   0.059   0.000  c1/Mcount_temp_cy<11> (c1/Mcount_temp_cy<11>)
     MUXCY:CI->O           1   0.059   0.000  c1/Mcount_temp_cy<12> (c1/Mcount_temp_cy<12>)
     MUXCY:CI->O           1   0.059   0.000  c1/Mcount_temp_cy<13> (c1/Mcount_temp_cy<13>)
     MUXCY:CI->O           1   0.059   0.000  c1/Mcount_temp_cy<14> (c1/Mcount_temp_cy<14>)
     MUXCY:CI->O           1   0.059   0.000  c1/Mcount_temp_cy<15> (c1/Mcount_temp_cy<15>)
     MUXCY:CI->O           1   0.059   0.000  c1/Mcount_temp_cy<16> (c1/Mcount_temp_cy<16>)
     MUXCY:CI->O           1   0.059   0.000  c1/Mcount_temp_cy<17> (c1/Mcount_temp_cy<17>)
     MUXCY:CI->O           1   0.059   0.000  c1/Mcount_temp_cy<18> (c1/Mcount_temp_cy<18>)
     MUXCY:CI->O           1   0.059   0.000  c1/Mcount_temp_cy<19> (c1/Mcount_temp_cy<19>)
     MUXCY:CI->O           1   0.059   0.000  c1/Mcount_temp_cy<20> (c1/Mcount_temp_cy<20>)
     MUXCY:CI->O           1   0.059   0.000  c1/Mcount_temp_cy<21> (c1/Mcount_temp_cy<21>)
     MUXCY:CI->O           1   0.059   0.000  c1/Mcount_temp_cy<22> (c1/Mcount_temp_cy<22>)
     MUXCY:CI->O           1   0.059   0.000  c1/Mcount_temp_cy<23> (c1/Mcount_temp_cy<23>)
     MUXCY:CI->O           0   0.059   0.000  c1/Mcount_temp_cy<24> (c1/Mcount_temp_cy<24>)
     XORCY:CI->O           1   0.804   0.000  c1/Mcount_temp_xor<25> (Result<25>)
     FDR:D                     0.308          c1/temp_25
    ----------------------------------------
    Total                      4.850ns (4.228ns logic, 0.622ns route)
                                       (87.2% logic, 12.8% route)

=========================================================================
Timing constraint: Default OFFSET IN BEFORE for Clock 'c2/Change1'
  Total number of paths / destination ports: 72 / 27
-------------------------------------------------------------------------
Offset:              6.105ns (Levels of Logic = 11)
  Source:            swGrill (PAD)
  Destination:       c4/temp_7 (FF)
  Destination Clock: c2/Change1 rising

  Data Path: swGrill to c4/temp_7
                                Gate     Net
    Cell:in->out      fanout   Delay   Delay  Logical Name (Net Name)
    ----------------------------------------  ------------
     IBUF:I->O             7   1.218   0.883  swGrill_IBUF (swGrill_IBUF)
     LUT4:I0->O            4   0.704   0.666  c4/temp_not0003_inv (c4/temp_not0003_inv)
     LUT2:I1->O            1   0.704   0.000  c4/Mcount_temp_lut<0> (c4/Mcount_temp_lut<0>)
     MUXCY:S->O            1   0.464   0.000  c4/Mcount_temp_cy<0> (c4/Mcount_temp_cy<0>)
     MUXCY:CI->O           1   0.059   0.000  c4/Mcount_temp_cy<1> (c4/Mcount_temp_cy<1>)
     MUXCY:CI->O           1   0.059   0.000  c4/Mcount_temp_cy<2> (c4/Mcount_temp_cy<2>)
     MUXCY:CI->O           1   0.059   0.000  c4/Mcount_temp_cy<3> (c4/Mcount_temp_cy<3>)
     MUXCY:CI->O           1   0.059   0.000  c4/Mcount_temp_cy<4> (c4/Mcount_temp_cy<4>)
     MUXCY:CI->O           1   0.059   0.000  c4/Mcount_temp_cy<5> (c4/Mcount_temp_cy<5>)
     MUXCY:CI->O           0   0.059   0.000  c4/Mcount_temp_cy<6> (c4/Mcount_temp_cy<6>)
     XORCY:CI->O           1   0.804   0.000  c4/Mcount_temp_xor<7> (c4/Result<7>)
     FDE:D                     0.308          c4/temp_7
    ----------------------------------------
    Total                      6.105ns (4.556ns logic, 1.549ns route)
                                       (74.6% logic, 25.4% route)

=========================================================================
Timing constraint: Default OFFSET IN BEFORE for Clock 'c3/minPass'
  Total number of paths / destination ports: 2 / 2
-------------------------------------------------------------------------
Offset:              3.867ns (Levels of Logic = 2)
  Source:            swDispLleno (PAD)
  Destination:       c6/errorC (FF)
  Destination Clock: c3/minPass rising

  Data Path: swDispLleno to c6/errorC
                                Gate     Net
    Cell:in->out      fanout   Delay   Delay  Logical Name (Net Name)
    ----------------------------------------  ------------
     IBUF:I->O             4   1.218   0.587  swDispLleno_IBUF (swDispLleno_IBUF)
     INV:I->O              2   0.704   0.447  c6/swDispLleno_inv1_INV_0 (c6/swDispLleno_inv)
     FDR:R                     0.911          c6/errorC
    ----------------------------------------
    Total                      3.867ns (2.833ns logic, 1.034ns route)
                                       (73.3% logic, 26.7% route)

=========================================================================
Timing constraint: Default OFFSET OUT AFTER for Clock 'c2/Change1'
  Total number of paths / destination ports: 4 / 4
-------------------------------------------------------------------------
Offset:              5.582ns (Levels of Logic = 2)
  Source:            c5/errorB (FF)
  Destination:       error (PAD)
  Source Clock:      c2/Change1 rising

  Data Path: c5/errorB to error
                                Gate     Net
    Cell:in->out      fanout   Delay   Delay  Logical Name (Net Name)
    ----------------------------------------  ------------
     FDR:C->Q              1   0.591   0.595  c5/errorB (c5/errorB)
     LUT4:I0->O            1   0.704   0.420  error1 (error_OBUF)
     OBUF:I->O                 3.272          error_OBUF (error)
    ----------------------------------------
    Total                      5.582ns (4.567ns logic, 1.015ns route)
                                       (81.8% logic, 18.2% route)

=========================================================================
Timing constraint: Default OFFSET OUT AFTER for Clock 'c4/eCr_cmp_lt0000'
  Total number of paths / destination ports: 4 / 3
-------------------------------------------------------------------------
Offset:              5.527ns (Levels of Logic = 2)
  Source:            c4/eCr (LATCH)
  Destination:       error (PAD)
  Source Clock:      c4/eCr_cmp_lt0000 falling

  Data Path: c4/eCr to error
                                Gate     Net
    Cell:in->out      fanout   Delay   Delay  Logical Name (Net Name)
    ----------------------------------------  ------------
     LDC:G->Q              1   0.676   0.455  c4/eCr (c4/eCr)
     LUT4:I2->O            1   0.704   0.420  error1 (error_OBUF)
     OBUF:I->O                 3.272          error_OBUF (error)
    ----------------------------------------
    Total                      5.527ns (4.652ns logic, 0.875ns route)
                                       (84.2% logic, 15.8% route)

=========================================================================
Timing constraint: Default OFFSET OUT AFTER for Clock 'c3/minPass'
  Total number of paths / destination ports: 2 / 2
-------------------------------------------------------------------------
Offset:              5.486ns (Levels of Logic = 2)
  Source:            c6/errorC (FF)
  Destination:       error (PAD)
  Source Clock:      c3/minPass rising

  Data Path: c6/errorC to error
                                Gate     Net
    Cell:in->out      fanout   Delay   Delay  Logical Name (Net Name)
    ----------------------------------------  ------------
     FDR:C->Q              1   0.591   0.499  c6/errorC (c6/errorC)
     LUT4:I1->O            1   0.704   0.420  error1 (error_OBUF)
     OBUF:I->O                 3.272          error_OBUF (error)
    ----------------------------------------
    Total                      5.486ns (4.567ns logic, 0.919ns route)
                                       (83.2% logic, 16.8% route)

=========================================================================


Total REAL time to Xst completion: 11.00 secs
Total CPU time to Xst completion: 11.03 secs
 
--> 

Total memory usage is 248108 kilobytes

Number of errors   :    0 (   0 filtered)
Number of warnings :    3 (   0 filtered)
Number of infos    :    4 (   0 filtered)

