AR countercond behavioral C:/SPB_Data/version-control/XilinxProjects/TortillaMachine/partD.vhd sub00/vhpl17 1445871413
AR countersec behavioral C:/SPB_Data/version-control/XilinxProjects/TortillaMachine/Counter.vhd sub00/vhpl01 1445871401
AR compare behavioral C:/SPB_Data/version-control/XilinxProjects/TortillaMachine/Compare.vhd sub00/vhpl03 1445871403
AR partd behavioral C:/SPB_Data/version-control/XilinxProjects/TortillaMachine/partD.vhd sub00/vhpl15 1443638799
AR partb behavioral C:/SPB_Data/version-control/XilinxProjects/TortillaMachine/partB.vhd sub00/vhpl11 1445871409
AR main behavioral C:/SPB_Data/version-control/XilinxProjects/TortillaMachine/main.vhd sub00/vhpl07 1445871415
EN countersec NULL C:/SPB_Data/version-control/XilinxProjects/TortillaMachine/Counter.vhd sub00/vhpl00 1445871400
EN main NULL C:/SPB_Data/version-control/XilinxProjects/TortillaMachine/main.vhd sub00/vhpl06 1445871414
EN countercond NULL C:/SPB_Data/version-control/XilinxProjects/TortillaMachine/partD.vhd sub00/vhpl16 1445871412
EN compare NULL C:/SPB_Data/version-control/XilinxProjects/TortillaMachine/Compare.vhd sub00/vhpl02 1445871402
EN countermin NULL C:/SPB_Data/version-control/XilinxProjects/TortillaMachine/CounterMin.vhd sub00/vhpl04 1445871404
EN parta NULL C:/SPB_Data/version-control/XilinxProjects/TortillaMachine/partA.vhd sub00/vhpl08 1445871406
EN partb NULL C:/SPB_Data/version-control/XilinxProjects/TortillaMachine/partB.vhd sub00/vhpl10 1445871408
EN partc NULL C:/SPB_Data/version-control/XilinxProjects/TortillaMachine/partC.vhd sub00/vhpl12 1445871410
AR countermin behavioral C:/SPB_Data/version-control/XilinxProjects/TortillaMachine/CounterMin.vhd sub00/vhpl05 1445871405
EN partd NULL C:/SPB_Data/version-control/XilinxProjects/TortillaMachine/partD.vhd sub00/vhpl14 1443638798
AR partc behavioral C:/SPB_Data/version-control/XilinxProjects/TortillaMachine/partC.vhd sub00/vhpl13 1445871411
AR parta behavioral C:/SPB_Data/version-control/XilinxProjects/TortillaMachine/partA.vhd sub00/vhpl09 1445871407
