AR countercond behavioral C:/SPB_Data/version-control/XilinxProjects/TortillaMachine/partD.vhd sub00/vhpl17 1443641712
AR countersec behavioral C:/SPB_Data/version-control/XilinxProjects/TortillaMachine/Counter.vhd sub00/vhpl01 1443641700
AR compare behavioral C:/SPB_Data/version-control/XilinxProjects/TortillaMachine/Compare.vhd sub00/vhpl03 1443641702
AR partd behavioral C:/SPB_Data/version-control/XilinxProjects/TortillaMachine/partD.vhd sub00/vhpl15 1443638799
AR partb behavioral C:/SPB_Data/version-control/XilinxProjects/TortillaMachine/partB.vhd sub00/vhpl11 1443641708
EN countersec NULL C:/SPB_Data/version-control/XilinxProjects/TortillaMachine/Counter.vhd sub00/vhpl00 1443641699
AR main behavioral C:/SPB_Data/version-control/XilinxProjects/TortillaMachine/main.vhd sub00/vhpl07 1443641714
EN main NULL C:/SPB_Data/version-control/XilinxProjects/TortillaMachine/main.vhd sub00/vhpl06 1443641713
EN countercond NULL C:/SPB_Data/version-control/XilinxProjects/TortillaMachine/partD.vhd sub00/vhpl16 1443641711
EN compare NULL C:/SPB_Data/version-control/XilinxProjects/TortillaMachine/Compare.vhd sub00/vhpl02 1443641701
EN countermin NULL C:/SPB_Data/version-control/XilinxProjects/TortillaMachine/CounterMin.vhd sub00/vhpl04 1443641703
EN parta NULL C:/SPB_Data/version-control/XilinxProjects/TortillaMachine/partA.vhd sub00/vhpl08 1443641705
EN partb NULL C:/SPB_Data/version-control/XilinxProjects/TortillaMachine/partB.vhd sub00/vhpl10 1443641707
EN partc NULL C:/SPB_Data/version-control/XilinxProjects/TortillaMachine/partC.vhd sub00/vhpl12 1443641709
AR countermin behavioral C:/SPB_Data/version-control/XilinxProjects/TortillaMachine/CounterMin.vhd sub00/vhpl05 1443641704
EN partd NULL C:/SPB_Data/version-control/XilinxProjects/TortillaMachine/partD.vhd sub00/vhpl14 1443638798
AR partc behavioral C:/SPB_Data/version-control/XilinxProjects/TortillaMachine/partC.vhd sub00/vhpl13 1443641710
AR parta behavioral C:/SPB_Data/version-control/XilinxProjects/TortillaMachine/partA.vhd sub00/vhpl09 1443641706
