AR countersec behavioral C:/SPB_Data/version-control/XilinxProjects/TortillaMachine/Counter.vhd sub00/vhpl01 1443474633
AR compare behavioral C:/SPB_Data/version-control/XilinxProjects/TortillaMachine/Compare.vhd sub00/vhpl03 1443474635
AR partb behavioral C:/SPB_Data/version-control/XilinxProjects/TortillaMachine/partB.vhd sub00/vhpl11 1443474641
EN countersec NULL C:/SPB_Data/version-control/XilinxProjects/TortillaMachine/Counter.vhd sub00/vhpl00 1443474632
AR main behavioral C:/SPB_Data/version-control/XilinxProjects/TortillaMachine/main.vhd sub00/vhpl07 1443474645
EN main NULL C:/SPB_Data/version-control/XilinxProjects/TortillaMachine/main.vhd sub00/vhpl06 1443474644
EN compare NULL C:/SPB_Data/version-control/XilinxProjects/TortillaMachine/Compare.vhd sub00/vhpl02 1443474634
EN countermin NULL C:/SPB_Data/version-control/XilinxProjects/TortillaMachine/CounterMin.vhd sub00/vhpl04 1443474636
EN parta NULL C:/SPB_Data/version-control/XilinxProjects/TortillaMachine/partA.vhd sub00/vhpl08 1443474638
EN partb NULL C:/SPB_Data/version-control/XilinxProjects/TortillaMachine/partB.vhd sub00/vhpl10 1443474640
EN partc NULL C:/SPB_Data/version-control/XilinxProjects/TortillaMachine/partC.vhd sub00/vhpl12 1443474642
AR countermin behavioral C:/SPB_Data/version-control/XilinxProjects/TortillaMachine/CounterMin.vhd sub00/vhpl05 1443474637
AR partc behavioral C:/SPB_Data/version-control/XilinxProjects/TortillaMachine/partC.vhd sub00/vhpl13 1443474643
AR parta behavioral C:/SPB_Data/version-control/XilinxProjects/TortillaMachine/partA.vhd sub00/vhpl09 1443474639
