V3 31
FL C:/SPB_Data/version-control/XilinxProjects/TortillaMachine/Compare.vhd 2015/10/26.08:49:35 P.20131013
EN work/Compare 1445871402 \
      FL C:/SPB_Data/version-control/XilinxProjects/TortillaMachine/Compare.vhd \
      PB ieee/std_logic_1164 1381692176
AR work/Compare/Behavioral 1445871403 \
      FL C:/SPB_Data/version-control/XilinxProjects/TortillaMachine/Compare.vhd \
      EN work/Compare 1445871402
FL C:/SPB_Data/version-control/XilinxProjects/TortillaMachine/Counter.vhd 2015/10/26.08:49:35 P.20131013
EN work/CounterSec 1445871400 \
      FL C:/SPB_Data/version-control/XilinxProjects/TortillaMachine/Counter.vhd \
      PB ieee/std_logic_1164 1381692176 PB ieee/STD_LOGIC_UNSIGNED 1381692179
AR work/CounterSec/Behavioral 1445871401 \
      FL C:/SPB_Data/version-control/XilinxProjects/TortillaMachine/Counter.vhd \
      EN work/CounterSec 1445871400
FL C:/SPB_Data/version-control/XilinxProjects/TortillaMachine/CounterMin.vhd 2015/10/26.08:49:35 P.20131013
EN work/CounterMin 1445871404 \
      FL C:/SPB_Data/version-control/XilinxProjects/TortillaMachine/CounterMin.vhd \
      PB ieee/std_logic_1164 1381692176 PB ieee/STD_LOGIC_UNSIGNED 1381692179
AR work/CounterMin/Behavioral 1445871405 \
      FL C:/SPB_Data/version-control/XilinxProjects/TortillaMachine/CounterMin.vhd \
      EN work/CounterMin 1445871404
FL C:/SPB_Data/version-control/XilinxProjects/TortillaMachine/main.vhd 2015/10/26.08:49:35 P.20131013
EN work/main 1445871414 \
      FL C:/SPB_Data/version-control/XilinxProjects/TortillaMachine/main.vhd \
      PB ieee/std_logic_1164 1381692176
AR work/main/Behavioral 1445871415 \
      FL C:/SPB_Data/version-control/XilinxProjects/TortillaMachine/main.vhd \
      EN work/main 1445871414 CP CounterSec CP Compare CP CounterMin CP partA \
      CP partB CP partC CP CounterCond
FL C:/SPB_Data/version-control/XilinxProjects/TortillaMachine/partA.vhd 2015/10/26.08:49:34 P.20131013
EN work/partA 1445871406 \
      FL C:/SPB_Data/version-control/XilinxProjects/TortillaMachine/partA.vhd \
      PB ieee/std_logic_1164 1381692176 PB ieee/STD_LOGIC_UNSIGNED 1381692179
AR work/partA/Behavioral 1445871407 \
      FL C:/SPB_Data/version-control/XilinxProjects/TortillaMachine/partA.vhd \
      EN work/partA 1445871406
FL C:/SPB_Data/version-control/XilinxProjects/TortillaMachine/partB.vhd 2015/10/26.08:49:34 P.20131013
EN work/partB 1445871408 \
      FL C:/SPB_Data/version-control/XilinxProjects/TortillaMachine/partB.vhd \
      PB ieee/std_logic_1164 1381692176
AR work/partB/Behavioral 1445871409 \
      FL C:/SPB_Data/version-control/XilinxProjects/TortillaMachine/partB.vhd \
      EN work/partB 1445871408
FL C:/SPB_Data/version-control/XilinxProjects/TortillaMachine/partC.vhd 2015/10/26.08:49:34 P.20131013
EN work/partC 1445871410 \
      FL C:/SPB_Data/version-control/XilinxProjects/TortillaMachine/partC.vhd \
      PB ieee/std_logic_1164 1381692176
AR work/partC/Behavioral 1445871411 \
      FL C:/SPB_Data/version-control/XilinxProjects/TortillaMachine/partC.vhd \
      EN work/partC 1445871410
FL C:/SPB_Data/version-control/XilinxProjects/TortillaMachine/partD.vhd 2015/10/26.08:49:35 P.20131013
EN work/CounterCond 1445871412 \
      FL C:/SPB_Data/version-control/XilinxProjects/TortillaMachine/partD.vhd \
      PB ieee/std_logic_1164 1381692176 PB ieee/STD_LOGIC_UNSIGNED 1381692179
AR work/CounterCond/Behavioral 1445871413 \
      FL C:/SPB_Data/version-control/XilinxProjects/TortillaMachine/partD.vhd \
      EN work/CounterCond 1445871412
