V3 31
FL C:/SPB_Data/version-control/XilinxProjects/TortillaMachine/Compare.vhd 2015/09/25.11:56:05 P.20131013
EN work/Compare 1443714138 \
      FL C:/SPB_Data/version-control/XilinxProjects/TortillaMachine/Compare.vhd \
      PB ieee/std_logic_1164 1381692176
AR work/Compare/Behavioral 1443714139 \
      FL C:/SPB_Data/version-control/XilinxProjects/TortillaMachine/Compare.vhd \
      EN work/Compare 1443714138
FL C:/SPB_Data/version-control/XilinxProjects/TortillaMachine/Counter.vhd 2015/09/25.12:17:30 P.20131013
EN work/CounterSec 1443714136 \
      FL C:/SPB_Data/version-control/XilinxProjects/TortillaMachine/Counter.vhd \
      PB ieee/std_logic_1164 1381692176 PB ieee/STD_LOGIC_UNSIGNED 1381692179
AR work/CounterSec/Behavioral 1443714137 \
      FL C:/SPB_Data/version-control/XilinxProjects/TortillaMachine/Counter.vhd \
      EN work/CounterSec 1443714136
FL C:/SPB_Data/version-control/XilinxProjects/TortillaMachine/CounterMin.vhd 2015/09/29.10:57:49 P.20131013
EN work/CounterMin 1443714140 \
      FL C:/SPB_Data/version-control/XilinxProjects/TortillaMachine/CounterMin.vhd \
      PB ieee/std_logic_1164 1381692176 PB ieee/STD_LOGIC_UNSIGNED 1381692179
AR work/CounterMin/Behavioral 1443714141 \
      FL C:/SPB_Data/version-control/XilinxProjects/TortillaMachine/CounterMin.vhd \
      EN work/CounterMin 1443714140
FL C:/SPB_Data/version-control/XilinxProjects/TortillaMachine/main.vhd 2015/10/01.10:03:42 P.20131013
EN work/main 1443714150 \
      FL C:/SPB_Data/version-control/XilinxProjects/TortillaMachine/main.vhd \
      PB ieee/std_logic_1164 1381692176
AR work/main/Behavioral 1443714151 \
      FL C:/SPB_Data/version-control/XilinxProjects/TortillaMachine/main.vhd \
      EN work/main 1443714150 CP CounterSec CP Compare CP CounterMin CP partA \
      CP partB CP partC CP CounterCond
FL C:/SPB_Data/version-control/XilinxProjects/TortillaMachine/partA.vhd 2015/10/01.09:04:06 P.20131013
EN work/partA 1443714142 \
      FL C:/SPB_Data/version-control/XilinxProjects/TortillaMachine/partA.vhd \
      PB ieee/std_logic_1164 1381692176 PB ieee/STD_LOGIC_UNSIGNED 1381692179
AR work/partA/Behavioral 1443714143 \
      FL C:/SPB_Data/version-control/XilinxProjects/TortillaMachine/partA.vhd \
      EN work/partA 1443714142
FL C:/SPB_Data/version-control/XilinxProjects/TortillaMachine/partB.vhd 2015/09/29.10:14:27 P.20131013
EN work/partB 1443714144 \
      FL C:/SPB_Data/version-control/XilinxProjects/TortillaMachine/partB.vhd \
      PB ieee/std_logic_1164 1381692176
AR work/partB/Behavioral 1443714145 \
      FL C:/SPB_Data/version-control/XilinxProjects/TortillaMachine/partB.vhd \
      EN work/partB 1443714144
FL C:/SPB_Data/version-control/XilinxProjects/TortillaMachine/partC.vhd 2015/09/28.16:09:32 P.20131013
EN work/partC 1443714146 \
      FL C:/SPB_Data/version-control/XilinxProjects/TortillaMachine/partC.vhd \
      PB ieee/std_logic_1164 1381692176
AR work/partC/Behavioral 1443714147 \
      FL C:/SPB_Data/version-control/XilinxProjects/TortillaMachine/partC.vhd \
      EN work/partC 1443714146
FL C:/SPB_Data/version-control/XilinxProjects/TortillaMachine/partD.vhd 2015/10/01.10:42:13 P.20131013
EN work/CounterCond 1443714148 \
      FL C:/SPB_Data/version-control/XilinxProjects/TortillaMachine/partD.vhd \
      PB ieee/std_logic_1164 1381692176 PB ieee/STD_LOGIC_UNSIGNED 1381692179
AR work/CounterCond/Behavioral 1443714149 \
      FL C:/SPB_Data/version-control/XilinxProjects/TortillaMachine/partD.vhd \
      EN work/CounterCond 1443714148
