V3 31
FL C:/SPB_Data/version-control/XilinxProjects/TortillaMachine/Compare.vhd 2015/09/25.11:56:05 P.20131013
EN work/Compare 1443578936 \
      FL C:/SPB_Data/version-control/XilinxProjects/TortillaMachine/Compare.vhd \
      PB ieee/std_logic_1164 1381692176
AR work/Compare/Behavioral 1443578937 \
      FL C:/SPB_Data/version-control/XilinxProjects/TortillaMachine/Compare.vhd \
      EN work/Compare 1443578936
FL C:/SPB_Data/version-control/XilinxProjects/TortillaMachine/Counter.vhd 2015/09/25.12:17:30 P.20131013
EN work/CounterSec 1443578934 \
      FL C:/SPB_Data/version-control/XilinxProjects/TortillaMachine/Counter.vhd \
      PB ieee/std_logic_1164 1381692176 PB ieee/STD_LOGIC_UNSIGNED 1381692179
AR work/CounterSec/Behavioral 1443578935 \
      FL C:/SPB_Data/version-control/XilinxProjects/TortillaMachine/Counter.vhd \
      EN work/CounterSec 1443578934
FL C:/SPB_Data/version-control/XilinxProjects/TortillaMachine/CounterMin.vhd 2015/09/29.10:57:49 P.20131013
EN work/CounterMin 1443578938 \
      FL C:/SPB_Data/version-control/XilinxProjects/TortillaMachine/CounterMin.vhd \
      PB ieee/std_logic_1164 1381692176 PB ieee/STD_LOGIC_UNSIGNED 1381692179
AR work/CounterMin/Behavioral 1443578939 \
      FL C:/SPB_Data/version-control/XilinxProjects/TortillaMachine/CounterMin.vhd \
      EN work/CounterMin 1443578938
FL C:/SPB_Data/version-control/XilinxProjects/TortillaMachine/main.vhd 2015/09/29.21:08:45 P.20131013
EN work/main 1443578948 \
      FL C:/SPB_Data/version-control/XilinxProjects/TortillaMachine/main.vhd \
      PB ieee/std_logic_1164 1381692176
AR work/main/Behavioral 1443578949 \
      FL C:/SPB_Data/version-control/XilinxProjects/TortillaMachine/main.vhd \
      EN work/main 1443578948 CP CounterSec CP Compare CP CounterMin CP partA \
      CP partB CP partC CP partD
FL C:/SPB_Data/version-control/XilinxProjects/TortillaMachine/partA.vhd 2015/09/29.10:41:07 P.20131013
EN work/partA 1443578940 \
      FL C:/SPB_Data/version-control/XilinxProjects/TortillaMachine/partA.vhd \
      PB ieee/std_logic_1164 1381692176
AR work/partA/Behavioral 1443578941 \
      FL C:/SPB_Data/version-control/XilinxProjects/TortillaMachine/partA.vhd \
      EN work/partA 1443578940
FL C:/SPB_Data/version-control/XilinxProjects/TortillaMachine/partB.vhd 2015/09/29.10:14:27 P.20131013
EN work/partB 1443578942 \
      FL C:/SPB_Data/version-control/XilinxProjects/TortillaMachine/partB.vhd \
      PB ieee/std_logic_1164 1381692176
AR work/partB/Behavioral 1443578943 \
      FL C:/SPB_Data/version-control/XilinxProjects/TortillaMachine/partB.vhd \
      EN work/partB 1443578942
FL C:/SPB_Data/version-control/XilinxProjects/TortillaMachine/partC.vhd 2015/09/28.16:09:32 P.20131013
EN work/partC 1443578944 \
      FL C:/SPB_Data/version-control/XilinxProjects/TortillaMachine/partC.vhd \
      PB ieee/std_logic_1164 1381692176
AR work/partC/Behavioral 1443578945 \
      FL C:/SPB_Data/version-control/XilinxProjects/TortillaMachine/partC.vhd \
      EN work/partC 1443578944
FL C:/SPB_Data/version-control/XilinxProjects/TortillaMachine/partD.vhd 2015/09/29.12:12:24 P.20131013
EN work/partD 1443578946 \
      FL C:/SPB_Data/version-control/XilinxProjects/TortillaMachine/partD.vhd \
      PB ieee/std_logic_1164 1381692176 PB ieee/STD_LOGIC_UNSIGNED 1381692179
AR work/partD/Behavioral 1443578947 \
      FL C:/SPB_Data/version-control/XilinxProjects/TortillaMachine/partD.vhd \
      EN work/partD 1443578946
