#-----------------------------------------------------------
# PlanAhead v14.7 (64-bit)
# Build 321239 by xbuild on Fri Sep 27 19:29:51 MDT 2013
# Start of session at: Wed Sep 30 13:31:37 2015
# Process ID: 8276
# Log file: C:/SPB_Data/version-control/XilinxProjects/TortillaMachine/planAhead_run_5/planAhead.log
# Journal file: C:/SPB_Data/version-control/XilinxProjects/TortillaMachine/planAhead_run_5/planAhead.jou
#-----------------------------------------------------------
start_gui
source C:/SPB_Data/version-control/XilinxProjects/TortillaMachine/pa.fromNetlist.tcl
set_property package_pin "" [get_ports [list  error]]
startgroup
set_property package_pin J14 [get_ports ldSeg]
endgroup
startgroup
set_property package_pin J15 [get_ports error]
endgroup
startgroup
set_property package_pin L13 [get_ports swDispVacio]
endgroup
startgroup
set_property package_pin P16 [get_ports ldFaltaMat]
endgroup
startgroup
set_property package_pin K14 [get_ports ldNoCort]
endgroup
startgroup
set_property package_pin E16 [get_ports ldNoCort]
endgroup
save_constraints
